// Jest Snapshot v1, https://goo.gl/fbAQLP

exports[`Render App render should render App 1`] = `
<div
  className="App"
>
  <MuiThemeProvider>
    <HashRouter>
      <div>
        <Route
          component={[Function]}
          exact={true}
          path="/"
        />
        <Route
          component={[Function]}
          name="image"
          path="/image/:id/:server/:farm/:secret/:title"
        />
      </div>
    </HashRouter>
  </MuiThemeProvider>
</div>
`;
